src/config/metrics.ts(128,38): error TS6133: 'req' is declared but its value is never read.
src/config/swagger.ts(1,26): error TS7016: Could not find a declaration file for module 'swagger-jsdoc'. 'D:/Manish/gymmanagement/gymmanagement_backend/node_modules/swagger-jsdoc/index.js' implicitly has an 'any' type.
  Try `npm i --save-dev @types/swagger-jsdoc` if it exists or add a new declaration (.d.ts) file containing `declare module 'swagger-jsdoc';`
src/config/swagger.ts(2,23): error TS7016: Could not find a declaration file for module 'swagger-ui-express'. 'D:/Manish/gymmanagement/gymmanagement_backend/node_modules/swagger-ui-express/index.js' implicitly has an 'any' type.
  Try `npm i --save-dev @types/swagger-ui-express` if it exists or add a new declaration (.d.ts) file containing `declare module 'swagger-ui-express';`
src/config/swagger.ts(128,32): error TS6133: 'req' is declared but its value is never read.
src/controllers/ai-crm.controller.ts(177,29): error TS6133: 'reason' is declared but its value is never read.
src/controllers/analytics.controller.ts(2,1): error TS6133: 'z' is declared but its value is never read.
src/controllers/analytics.controller.ts(8,30): error TS2532: Object is possibly 'undefined'.
src/controllers/analytics.controller.ts(26,30): error TS2532: Object is possibly 'undefined'.
src/controllers/analytics.controller.ts(39,30): error TS2532: Object is possibly 'undefined'.
src/controllers/analytics.controller.ts(57,30): error TS2532: Object is possibly 'undefined'.
src/controllers/analytics.controller.ts(75,30): error TS2532: Object is possibly 'undefined'.
src/controllers/analytics.controller.ts(93,30): error TS2532: Object is possibly 'undefined'.
src/controllers/attendance.controller.ts(20,30): error TS2532: Object is possibly 'undefined'.
src/controllers/attendance.controller.ts(23,64): error TS2345: Argument of type '{ tenantId: string; branchId: string; method: "manual" | "rfid" | "biometric" | "mobile_app" | "qr_code"; memberId: string; location?: { latitude: number; longitude: number; } | undefined; classId?: string | undefined; trainerId?: string | undefined; }' is not assignable to parameter of type 'CheckInDTO'.
  Property 'checkInMethod' is missing in type '{ tenantId: string; branchId: string; method: "manual" | "rfid" | "biometric" | "mobile_app" | "qr_code"; memberId: string; location?: { latitude: number; longitude: number; } | undefined; classId?: string | undefined; trainerId?: string | undefined; }' but required in type 'CheckInDTO'.
src/controllers/attendance.controller.ts(38,30): error TS2532: Object is possibly 'undefined'.
src/controllers/attendance.controller.ts(52,30): error TS2532: Object is possibly 'undefined'.
src/controllers/attendance.controller.ts(70,30): error TS2532: Object is possibly 'undefined'.
src/controllers/attendance.controller.ts(82,30): error TS2532: Object is possibly 'undefined'.
src/controllers/class.controller.ts(32,11): error TS7030: Not all code paths return a value.
src/controllers/class.controller.ts(60,11): error TS7030: Not all code paths return a value.
src/controllers/class.controller.ts(80,11): error TS7030: Not all code paths return a value.
src/controllers/class.controller.ts(97,11): error TS7030: Not all code paths return a value.
src/controllers/class.controller.ts(110,11): error TS7030: Not all code paths return a value.
src/controllers/class.controller.ts(129,11): error TS7030: Not all code paths return a value.
src/controllers/class.controller.ts(143,11): error TS7030: Not all code paths return a value.
src/controllers/class.controller.ts(157,11): error TS7030: Not all code paths return a value.
src/controllers/gamification.controller.ts(11,11): error TS7030: Not all code paths return a value.
src/controllers/gamification.controller.ts(32,85): error TS2345: Argument of type 'ObjectId' is not assignable to parameter of type 'string'.
src/controllers/gamification.controller.ts(48,11): error TS7030: Not all code paths return a value.
src/controllers/gamification.controller.ts(68,75): error TS2345: Argument of type 'ObjectId' is not assignable to parameter of type 'string'.
src/controllers/gamification.controller.ts(84,11): error TS7030: Not all code paths return a value.
src/controllers/gamification.controller.ts(104,68): error TS2345: Argument of type 'ObjectId' is not assignable to parameter of type 'string'.
src/controllers/notification.controller.ts(24,11): error TS7030: Not all code paths return a value.
src/controllers/notification.controller.ts(47,11): error TS7030: Not all code paths return a value.
src/controllers/notification.controller.ts(70,11): error TS7030: Not all code paths return a value.
src/controllers/notification.controller.ts(94,11): error TS7030: Not all code paths return a value.
src/controllers/notification.controller.ts(119,11): error TS7030: Not all code paths return a value.
src/controllers/notification.controller.ts(134,11): error TS7030: Not all code paths return a value.
src/controllers/payment.controller.ts(32,30): error TS2532: Object is possibly 'undefined'.
src/controllers/payment.controller.ts(35,64): error TS2345: Argument of type '{ tenantId: string; branchId: string; memberId: string; amount: number; paymentType: "subscription" | "pos" | "renewal" | "penalty" | "add_on"; paymentMethod: "cash" | "card" | "upi" | "razorpay" | "stripe"; discount?: number | undefined; subscriptionId?: string | undefined; taxAmount?: number | undefined; paymentGa...' is not assignable to parameter of type 'CreatePaymentDTO'.
  Types of property 'paymentType' are incompatible.
    Type '"subscription" | "pos" | "renewal" | "penalty" | "add_on"' is not assignable to type '"subscription" | "pos" | "renewal" | "addon" | "penalty"'.
      Type '"add_on"' is not assignable to type '"subscription" | "pos" | "renewal" | "addon" | "penalty"'. Did you mean '"addon"'?
src/controllers/payment.controller.ts(54,30): error TS2532: Object is possibly 'undefined'.
src/controllers/payment.controller.ts(56,68): error TS2345: Argument of type 'string' is not assignable to parameter of type 'number'.
src/controllers/payment.controller.ts(71,30): error TS2532: Object is possibly 'undefined'.
src/controllers/payment.controller.ts(73,75): error TS2345: Argument of type 'string' is not assignable to parameter of type 'number'.
src/controllers/payment.controller.ts(89,30): error TS2532: Object is possibly 'undefined'.
src/controllers/payment.controller.ts(93,17): error TS2554: Expected 1 arguments, but got 4.
src/controllers/payment.controller.ts(113,30): error TS2532: Object is possibly 'undefined'.
src/controllers/payment.controller.ts(119,17): error TS2554: Expected 3 arguments, but got 4.
src/controllers/payment.controller.ts(133,11): error TS7030: Not all code paths return a value.
src/controllers/payment.controller.ts(136,30): error TS2532: Object is possibly 'undefined'.
src/controllers/payment.controller.ts(159,30): error TS2532: Object is possibly 'undefined'.
src/controllers/payment.controller.ts(181,30): error TS2532: Object is possibly 'undefined'.
src/controllers/plan.controller.ts(38,30): error TS2532: Object is possibly 'undefined'.
src/controllers/plan.controller.ts(41,55): error TS2345: Argument of type '{ tenantId: string; branchId: string; type: "time_based" | "session_based" | "hybrid"; name: string; pricing: { basePrice: number; tax: number; discount?: number | undefined; }; description?: string | undefined; features?: string[] | undefined; duration?: { ...; } | undefined; sessions?: { ...; } | undefined; }' is not assignable to parameter of type 'CreatePlanDTO'.
  Property 'planType' is missing in type '{ tenantId: string; branchId: string; type: "time_based" | "session_based" | "hybrid"; name: string; pricing: { basePrice: number; tax: number; discount?: number | undefined; }; description?: string | undefined; features?: string[] | undefined; duration?: { ...; } | undefined; sessions?: { ...; } | undefined; }' but required in type 'CreatePlanDTO'.
src/controllers/plan.controller.ts(57,11): error TS7030: Not all code paths return a value.
src/controllers/plan.controller.ts(60,30): error TS2532: Object is possibly 'undefined'.
src/controllers/plan.controller.ts(83,30): error TS2532: Object is possibly 'undefined'.
src/controllers/plan.controller.ts(105,30): error TS2532: Object is possibly 'undefined'.
src/controllers/plan.controller.ts(123,30): error TS2532: Object is possibly 'undefined'.
src/controllers/plan.controller.ts(141,30): error TS2532: Object is possibly 'undefined'.
src/controllers/plan.controller.ts(144,71): error TS2345: Argument of type '{ tenantId: string; branchId: string; startDate: Date; memberId: string; planId: string; autoRenew?: boolean | undefined; }' is not assignable to parameter of type 'CreateSubscriptionDTO'.
  Types of property 'autoRenew' are incompatible.
    Type 'boolean | undefined' is not assignable to type 'boolean'.
      Type 'undefined' is not assignable to type 'boolean'.
src/controllers/plan.controller.ts(165,30): error TS2532: Object is possibly 'undefined'.
src/controllers/plan.controller.ts(188,30): error TS2532: Object is possibly 'undefined'.
src/controllers/plan.controller.ts(207,30): error TS2532: Object is possibly 'undefined'.
src/controllers/plan.controller.ts(230,30): error TS2532: Object is possibly 'undefined'.
src/controllers/plan.controller.ts(248,30): error TS2532: Object is possibly 'undefined'.
src/controllers/pos.controller.ts(45,30): error TS2532: Object is possibly 'undefined'.
src/controllers/pos.controller.ts(62,30): error TS2532: Object is possibly 'undefined'.
src/controllers/pos.controller.ts(80,11): error TS7030: Not all code paths return a value.
src/controllers/pos.controller.ts(83,30): error TS2532: Object is possibly 'undefined'.
src/controllers/pos.controller.ts(100,30): error TS2532: Object is possibly 'undefined'.
src/controllers/pos.controller.ts(114,30): error TS2532: Object is possibly 'undefined'.
src/controllers/pos.controller.ts(127,30): error TS2532: Object is possibly 'undefined'.
src/controllers/pos.controller.ts(145,30): error TS2532: Object is possibly 'undefined'.
src/controllers/pos.controller.ts(165,30): error TS2532: Object is possibly 'undefined'.
src/controllers/pos.controller.ts(183,30): error TS2532: Object is possibly 'undefined'.
src/controllers/security.controller.ts(35,28): error TS6133: 'req' is declared but its value is never read.
src/controllers/trainer.controller.ts(29,30): error TS2532: Object is possibly 'undefined'.
src/controllers/trainer.controller.ts(32,64): error TS2345: Argument of type '{ tenantId: string; branchId: string; userId: string; pricing: { hourlyRate: number; packageRates?: { price: number; sessions: number; }[] | undefined; }; specializations: string[]; certifications?: { ...; }[] | undefined; experience?: number | undefined; bio?: string | undefined; }' is not assignable to parameter of type 'CreateTrainerDTO'.
  Types of property 'certifications' are incompatible.
    Type '{ name: string; issuer: string; issueDate: string; expiryDate?: string | undefined; }[] | undefined' is not assignable to type '{ name: string; issuedBy: string; issuedDate: Date; expiryDate?: Date | undefined; certificateUrl?: string | undefined; }[] | undefined'.
      Type '{ name: string; issuer: string; issueDate: string; expiryDate?: string | undefined; }[]' is not assignable to type '{ name: string; issuedBy: string; issuedDate: Date; expiryDate?: Date | undefined; certificateUrl?: string | undefined; }[]'.
        Type '{ name: string; issuer: string; issueDate: string; expiryDate?: string | undefined; }' is missing the following properties from type '{ name: string; issuedBy: string; issuedDate: Date; expiryDate?: Date | undefined; certificateUrl?: string | undefined; }': issuedBy, issuedDate
src/controllers/trainer.controller.ts(44,11): error TS7030: Not all code paths return a value.
src/controllers/trainer.controller.ts(47,30): error TS2532: Object is possibly 'undefined'.
src/controllers/trainer.controller.ts(63,30): error TS2532: Object is possibly 'undefined'.
src/controllers/trainer.controller.ts(81,30): error TS2532: Object is possibly 'undefined'.
src/controllers/trainer.controller.ts(94,30): error TS2532: Object is possibly 'undefined'.
src/controllers/trainer.controller.ts(96,88): error TS2345: Argument of type 'string' is not assignable to parameter of type '{ name: string; issuedBy: string; issuedDate: Date; expiryDate?: Date | undefined; certificateUrl?: string | undefined; }'.
src/controllers/trainer.controller.ts(108,30): error TS2532: Object is possibly 'undefined'.
src/controllers/trainer.controller.ts(110,94): error TS2345: Argument of type 'string' is not assignable to parameter of type 'UpdateAvailabilityDTO[]'.
src/controllers/trainer.controller.ts(122,30): error TS2532: Object is possibly 'undefined'.
src/controllers/trainer.controller.ts(135,30): error TS2532: Object is possibly 'undefined'.
src/controllers/trainer.controller.ts(137,48): error TS2551: Property 'getTrainerStats' does not exist on type 'TrainerService'. Did you mean 'getTrainers'?
src/middleware/ip-restriction.middleware.ts(115,37): error TS6133: 'res' is declared but its value is never read.
src/middleware/tenant.middleware.ts(43,5): error TS6133: 'res' is declared but its value is never read.
src/middleware/usage.middleware.ts(3,1): error TS6133: 'SaaSPlan' is declared but its value is never read.
src/middleware/usage.middleware.ts(94,17): error TS6133: 'currentUsage' is declared but its value is never read.
src/middleware/usage.middleware.ts(95,17): error TS6133: 'limit' is declared but its value is never read.
src/routes/ai-crm.routes.ts(11,48): error TS2345: Argument of type 'string[]' is not assignable to parameter of type 'UserRole'.
src/routes/ai-crm.routes.ts(12,45): error TS2345: Argument of type 'string[]' is not assignable to parameter of type 'UserRole'.
src/routes/ai-crm.routes.ts(13,43): error TS2345: Argument of type 'string[]' is not assignable to parameter of type 'UserRole'.
src/routes/ai-crm.routes.ts(14,50): error TS2345: Argument of type 'string[]' is not assignable to parameter of type 'UserRole'.
src/routes/ai-crm.routes.ts(15,53): error TS2345: Argument of type 'string[]' is not assignable to parameter of type 'UserRole'.
src/routes/ai-crm.routes.ts(18,42): error TS2345: Argument of type 'string[]' is not assignable to parameter of type 'UserRole'.
src/routes/ai-crm.routes.ts(19,41): error TS2345: Argument of type 'string[]' is not assignable to parameter of type 'UserRole'.
src/routes/ai-crm.routes.ts(20,58): error TS2345: Argument of type 'string[]' is not assignable to parameter of type 'UserRole'.
src/routes/ai-crm.routes.ts(21,60): error TS2345: Argument of type 'string[]' is not assignable to parameter of type 'UserRole'.
src/routes/ai-crm.routes.ts(22,41): error TS2345: Argument of type 'string[]' is not assignable to parameter of type 'UserRole'.
src/routes/ai-crm.routes.ts(23,42): error TS2345: Argument of type 'string[]' is not assignable to parameter of type 'UserRole'.
src/routes/analytics.routes.ts(9,27): error TS2345: Argument of type 'string[]' is not assignable to parameter of type 'UserRole'.
src/routes/attendance.routes.ts(10,33): error TS2345: Argument of type 'string[]' is not assignable to parameter of type 'UserRole'.
src/routes/attendance.routes.ts(11,55): error TS2345: Argument of type 'string[]' is not assignable to parameter of type 'UserRole'.
src/routes/attendance.routes.ts(13,39): error TS2345: Argument of type 'string[]' is not assignable to parameter of type 'UserRole'.
src/routes/attendance.routes.ts(14,37): error TS2345: Argument of type 'string[]' is not assignable to parameter of type 'UserRole'.
src/routes/class.routes.ts(11,33): error TS2345: Argument of type 'string[]' is not assignable to parameter of type 'UserRole'.
src/routes/class.routes.ts(14,40): error TS2345: Argument of type 'string[]' is not assignable to parameter of type 'UserRole'.
src/routes/class.routes.ts(17,41): error TS2345: Argument of type 'string[]' is not assignable to parameter of type 'UserRole'.
src/routes/class.routes.ts(18,59): error TS2345: Argument of type 'string[]' is not assignable to parameter of type 'UserRole'.
src/routes/class.routes.ts(19,63): error TS2345: Argument of type 'string[]' is not assignable to parameter of type 'UserRole'.
src/routes/dashboard.routes.ts(12,17): error TS2345: Argument of type 'string[]' is not assignable to parameter of type 'UserRole'.
src/routes/dashboard.routes.ts(18,17): error TS2345: Argument of type 'string[]' is not assignable to parameter of type 'UserRole'.
src/routes/dashboard.routes.ts(24,17): error TS2345: Argument of type 'string[]' is not assignable to parameter of type 'UserRole'.
src/routes/dashboard.routes.ts(30,17): error TS2345: Argument of type 'string[]' is not assignable to parameter of type 'UserRole'.
src/routes/fitness.routes.ts(11,45): error TS2345: Argument of type 'string[]' is not assignable to parameter of type 'UserRole'.
src/routes/fitness.routes.ts(17,54): error TS2345: Argument of type 'string[]' is not assignable to parameter of type 'UserRole'.
src/routes/fitness.routes.ts(18,43): error TS2345: Argument of type 'string[]' is not assignable to parameter of type 'UserRole'.
src/routes/fitness.routes.ts(20,66): error TS2345: Argument of type 'string[]' is not assignable to parameter of type 'UserRole'.
src/routes/notification.routes.ts(12,17): error TS2345: Argument of type 'string[]' is not assignable to parameter of type 'UserRole'.
src/routes/notification.routes.ts(18,17): error TS2345: Argument of type 'string[]' is not assignable to parameter of type 'UserRole'.
src/routes/notification.routes.ts(24,17): error TS2345: Argument of type 'string[]' is not assignable to parameter of type 'UserRole'.
src/routes/notification.routes.ts(30,17): error TS2345: Argument of type 'string[]' is not assignable to parameter of type 'UserRole'.
src/routes/notification.routes.ts(36,17): error TS2345: Argument of type 'string[]' is not assignable to parameter of type 'UserRole'.
src/routes/notification.routes.ts(42,17): error TS2345: Argument of type 'string[]' is not assignable to parameter of type 'UserRole'.
src/routes/payment.routes.ts(14,20): error TS2345: Argument of type 'string[]' is not assignable to parameter of type 'UserRole'.
src/routes/payment.routes.ts(21,20): error TS2345: Argument of type 'string[]' is not assignable to parameter of type 'UserRole'.
src/routes/payment.routes.ts(28,20): error TS2345: Argument of type 'string[]' is not assignable to parameter of type 'UserRole'.
src/routes/payment.routes.ts(35,20): error TS2345: Argument of type 'string[]' is not assignable to parameter of type 'UserRole'.
src/routes/payment.routes.ts(42,20): error TS2345: Argument of type 'string[]' is not assignable to parameter of type 'UserRole'.
src/routes/payment.routes.ts(49,20): error TS2345: Argument of type 'string[]' is not assignable to parameter of type 'UserRole'.
src/routes/payment.routes.ts(56,20): error TS2345: Argument of type 'string[]' is not assignable to parameter of type 'UserRole'.
src/routes/payment.routes.ts(63,20): error TS2345: Argument of type 'string[]' is not assignable to parameter of type 'UserRole'.
src/routes/plan.routes.ts(14,20): error TS2345: Argument of type 'string[]' is not assignable to parameter of type 'UserRole'.
src/routes/plan.routes.ts(32,20): error TS2345: Argument of type 'string[]' is not assignable to parameter of type 'UserRole'.
src/routes/plan.routes.ts(38,20): error TS2345: Argument of type 'string[]' is not assignable to parameter of type 'UserRole'.
src/routes/plan.routes.ts(45,20): error TS2345: Argument of type 'string[]' is not assignable to parameter of type 'UserRole'.
src/routes/plan.routes.ts(51,20): error TS2345: Argument of type 'string[]' is not assignable to parameter of type 'UserRole'.
src/routes/plan.routes.ts(57,20): error TS2345: Argument of type 'string[]' is not assignable to parameter of type 'UserRole'.
src/routes/plan.routes.ts(63,20): error TS2345: Argument of type 'string[]' is not assignable to parameter of type 'UserRole'.
src/routes/plan.routes.ts(69,20): error TS2345: Argument of type 'string[]' is not assignable to parameter of type 'UserRole'.
src/routes/plan.routes.ts(75,20): error TS2345: Argument of type 'string[]' is not assignable to parameter of type 'UserRole'.
src/routes/security.routes.ts(19,17): error TS2345: Argument of type 'string[]' is not assignable to parameter of type 'UserRole'.
src/routes/security.routes.ts(26,17): error TS2345: Argument of type 'string[]' is not assignable to parameter of type 'UserRole'.
src/routes/security.routes.ts(33,17): error TS2345: Argument of type 'string[]' is not assignable to parameter of type 'UserRole'.
src/routes/security.routes.ts(40,17): error TS2345: Argument of type 'string[]' is not assignable to parameter of type 'UserRole'.
src/routes/security.routes.ts(49,17): error TS2345: Argument of type 'string[]' is not assignable to parameter of type 'UserRole'.
src/routes/security.routes.ts(57,17): error TS2345: Argument of type 'string[]' is not assignable to parameter of type 'UserRole'.
src/routes/security.routes.ts(65,17): error TS2345: Argument of type 'string[]' is not assignable to parameter of type 'UserRole'.
src/routes/trainer.routes.ts(10,33): error TS2345: Argument of type 'string[]' is not assignable to parameter of type 'UserRole'.
src/routes/trainer.routes.ts(13,42): error TS2345: Argument of type 'string[]' is not assignable to parameter of type 'UserRole'.
src/routes/trainer.routes.ts(14,58): error TS2345: Argument of type 'string[]' is not assignable to parameter of type 'UserRole'.
src/routes/trainer.routes.ts(15,55): error TS2345: Argument of type 'string[]' is not assignable to parameter of type 'UserRole'.
src/routes/trainer.routes.ts(16,51): error TS2345: Argument of type 'string[]' is not assignable to parameter of type 'UserRole'.
src/routes/trainer.routes.ts(17,48): error TS2345: Argument of type 'string[]' is not assignable to parameter of type 'UserRole'.
src/services/accounting-export.service.ts(2,1): error TS6133: 'Member' is declared but its value is never read.
src/services/accounting-export.service.ts(3,1): error TS6133: 'Plan' is declared but its value is never read.
src/services/accounting-export.service.ts(3,18): error TS2307: Cannot find module '../models/Plan.model' or its corresponding type declarations.
src/services/accounting-export.service.ts(4,24): error TS2307: Cannot find module 'json2csv' or its corresponding type declarations.
src/services/accounting-export.service.ts(79,36): error TS2339: Property 'userId' does not exist on type 'Document<unknown, {}, IPayment, {}, {}> & IPayment & Required<{ _id: ObjectId; }> & { __v: number; }'.
src/services/accounting-export.service.ts(80,34): error TS2339: Property 'planId' does not exist on type 'Document<unknown, {}, IPayment, {}, {}> & IPayment & Required<{ _id: ObjectId; }> & { __v: number; }'.
src/services/accounting-export.service.ts(131,38): error TS2339: Property 'discount' does not exist on type 'Document<unknown, {}, IPayment, {}, {}> & IPayment & Required<{ _id: ObjectId; }> & { __v: number; }'.
src/services/accounting-export.service.ts(132,25): error TS2362: The left-hand side of an arithmetic operation must be of type 'any', 'number', 'bigint' or an enum type.
src/services/accounting-export.service.ts(134,13): error TS2365: Operator '+=' cannot be applied to types 'number' and '{ subtotal: number; taxAmount: number; discountAmount: number; total: number; }'.
src/services/accounting-export.service.ts(140,38): error TS2538: Type 'undefined' cannot be used as an index type.
src/services/accounting-export.service.ts(140,38): error TS2538: Type '{ provider: "razorpay" | "stripe"; transactionId: string; orderId: string; paymentId: string; signature?: string | undefined; }' cannot be used as an index type.
src/services/accounting-export.service.ts(140,74): error TS2538: Type 'undefined' cannot be used as an index type.
src/services/accounting-export.service.ts(140,74): error TS2538: Type '{ provider: "razorpay" | "stripe"; transactionId: string; orderId: string; paymentId: string; signature?: string | undefined; }' cannot be used as an index type.
src/services/activity-log.service.ts(1,25): error TS2307: Cannot find module '../models/ActivityLog.model' or its corresponding type declarations.
src/services/activity-log.service.ts(101,23): error TS7006: Parameter 'log' implicitly has an 'any' type.
src/services/ai-trainer.service.ts(4,1): error TS6133: 'Class' is declared but its value is never read.
src/services/ai-trainer.service.ts(44,34): error TS2339: Property 'fitnessLevel' does not exist on type 'Document<unknown, {}, IMember, {}, {}> & IMember & Required<{ _id: ObjectId; }> & { __v: number; }'.
src/services/ai-trainer.service.ts(45,39): error TS2339: Property 'medicalHistory' does not exist on type 'Document<unknown, {}, IMember, {}, {}> & IMember & Required<{ _id: ObjectId; }> & { __v: number; }'.
src/services/ai-trainer.service.ts(47,43): error TS2339: Property 'dateOfBirth' does not exist on type 'Document<unknown, {}, IMember, {}, {}> & IMember & Required<{ _id: ObjectId; }> & { __v: number; }'.
src/services/ai-trainer.service.ts(48,28): error TS2339: Property 'gender' does not exist on type 'Document<unknown, {}, IMember, {}, {}> & IMember & Required<{ _id: ObjectId; }> & { __v: number; }'.
src/services/ai-trainer.service.ts(62,46): error TS2339: Property 'specializations' does not exist on type 'Document<unknown, {}, IUser, {}, {}> & IUser & Required<{ _id: ObjectId; }> & { __v: number; }'.
src/services/ai-trainer.service.ts(63,43): error TS2339: Property 'availability' does not exist on type 'Document<unknown, {}, IUser, {}, {}> & IUser & Required<{ _id: ObjectId; }> & { __v: number; }'.
src/services/ai-trainer.service.ts(165,27): error TS2339: Property 'fitnessLevel' does not exist on type 'Document<unknown, {}, IMember, {}, {}> & IMember & Required<{ _id: ObjectId; }> & { __v: number; }'.
src/services/ai-trainer.service.ts(166,35): error TS2339: Property 'dateOfBirth' does not exist on type 'Document<unknown, {}, IMember, {}, {}> & IMember & Required<{ _id: ObjectId; }> & { __v: number; }'.
src/services/ai-trainer.service.ts(167,32): error TS2339: Property 'medicalHistory' does not exist on type 'Document<unknown, {}, IMember, {}, {}> & IMember & Required<{ _id: ObjectId; }> & { __v: number; }'.
src/services/ai-trainer.service.ts(218,34): error TS2339: Property 'weight' does not exist on type '{ date: Date; weight: number; height: number; bodyFat?: number | undefined; muscleMass?: number | undefined; bmi?: number | undefined; chest?: number | undefined; waist?: number | undefined; ... 4 more ...; recordedBy: ObjectId; }[]'.
src/services/ai-trainer.service.ts(219,34): error TS2339: Property 'height' does not exist on type '{ date: Date; weight: number; height: number; bodyFat?: number | undefined; muscleMass?: number | undefined; bmi?: number | undefined; chest?: number | undefined; waist?: number | undefined; ... 4 more ...; recordedBy: ObjectId; }[]'.
src/services/ai-trainer.service.ts(220,34): error TS2339: Property 'dietaryRestrictions' does not exist on type 'Document<unknown, {}, IMember, {}, {}> & IMember & Required<{ _id: ObjectId; }> & { __v: number; }'.
src/services/ai.service.ts(4,1): error TS6133: 'Exercise' is declared but its value is never read.
src/services/ai.service.ts(18,9): error TS6133: 'tenantId' is declared but its value is never read.
src/services/ai.service.ts(96,9): error TS6133: 'allergies' is declared but its value is never read.
src/services/ai.service.ts(98,9): error TS6133: 'tenantId' is declared but its value is never read.
src/services/ai.service.ts(109,19): error TS2304: Cannot find name 'calories'.
src/services/ai.service.ts(110,12): error TS2304: Cannot find name 'macros'.
src/services/ai.service.ts(111,10): error TS2304: Cannot find name 'macros'.
src/services/ai.service.ts(112,9): error TS2304: Cannot find name 'macros'.
src/services/ai.service.ts(171,54): error TS6133: 'tenantId' is declared but its value is never read.
src/services/ai.service.ts(250,49): error TS6133: 'tenantId' is declared but its value is never read.
src/services/analytics.service.ts(7,1): error TS6133: 'mongoose' is declared but its value is never read.
src/services/analytics.service.ts(99,39): error TS2345: Argument of type 'string | 0' is not assignable to parameter of type 'string'.
  Type 'number' is not assignable to type 'string'.
src/services/analytics.service.ts(100,35): error TS2345: Argument of type 'string | 0' is not assignable to parameter of type 'string'.
  Type 'number' is not assignable to type 'string'.
src/services/analytics.service.ts(190,36): error TS2339: Property 'enrolled' does not exist on type '{ max: number; current: number; waitlist: number; }'.
src/services/analytics.service.ts(191,45): error TS2339: Property 'enrolled' does not exist on type '{ max: number; current: number; waitlist: number; }'.
src/services/analytics.service.ts(201,44): error TS2345: Argument of type 'string | 0' is not assignable to parameter of type 'string'.
  Type 'number' is not assignable to type 'string'.
src/services/analytics.service.ts(235,51): error TS2339: Property 'count' does not exist on type '{ average: number; totalReviews: number; reviews: { memberId: ObjectId; rating: number; comment: string; createdAt: Date; }[]; }'.
src/services/backup.service.ts(1,18): error TS7016: Could not find a declaration file for module 'node-cron'. 'D:/Manish/gymmanagement/gymmanagement_backend/node_modules/node-cron/src/node-cron.js' implicitly has an 'any' type.
  Try `npm i --save-dev @types/node-cron` if it exists or add a new declaration (.d.ts) file containing `declare module 'node-cron';`
src/services/bullmq-automation.service.ts(1,18): error TS2307: Cannot find module 'bull' or its corresponding type declarations.
src/services/bullmq-automation.service.ts(3,1): error TS6133: 'MembershipLifecycleService' is declared but its value is never read.
src/services/bullmq-automation.service.ts(5,27): error TS2307: Cannot find module '../utils/email.util' or its corresponding type declarations.
src/services/bullmq-automation.service.ts(9,7): error TS6133: 'redis' is declared but its value is never read.
src/services/bullmq-automation.service.ts(64,51): error TS7006: Parameter 'job' implicitly has an 'any' type.
src/services/bullmq-automation.service.ts(70,43): error TS7006: Parameter 'job' implicitly has an 'any' type.
src/services/bullmq-automation.service.ts(76,41): error TS7006: Parameter 'job' implicitly has an 'any' type.
src/services/bullmq-automation.service.ts(82,41): error TS6133: 'job' is declared but its value is never read.
src/services/bullmq-automation.service.ts(82,41): error TS7006: Parameter 'job' implicitly has an 'any' type.
src/services/bullmq-automation.service.ts(144,25): error TS2339: Property 'membershipExpiry' does not exist on type 'Document<unknown, {}, IMember, {}, {}> & IMember & Required<{ _id: ObjectId; }> & { __v: number; }'.
src/services/bullmq-automation.service.ts(149,28): error TS2339: Property 'email' does not exist on type 'Document<unknown, {}, IMember, {}, {}> & IMember & Required<{ _id: ObjectId; }> & { __v: number; }'.
src/services/bullmq-automation.service.ts(153,37): error TS2339: Property 'firstName' does not exist on type 'Document<unknown, {}, IMember, {}, {}> & IMember & Required<{ _id: ObjectId; }> & { __v: number; }'.
src/services/bullmq-automation.service.ts(153,57): error TS2339: Property 'lastName' does not exist on type 'Document<unknown, {}, IMember, {}, {}> & IMember & Required<{ _id: ObjectId; }> & { __v: number; }'.
src/services/bullmq-automation.service.ts(155,40): error TS2339: Property 'membershipExpiry' does not exist on type 'Document<unknown, {}, IMember, {}, {}> & IMember & Required<{ _id: ObjectId; }> & { __v: number; }'.
src/services/calendar-sync.service.ts(1,24): error TS2307: Cannot find module 'googleapis' or its corresponding type declarations.
src/services/calendar-sync.service.ts(8,11): error TS6196: 'CalendarEvent' is declared but never used.
src/services/calendar-sync.service.ts(51,28): error TS2339: Property 'googleCalendarToken' does not exist on type 'Document<unknown, {}, IUser, {}, {}> & IUser & Required<{ _id: ObjectId; }> & { __v: number; }'.
src/services/calendar-sync.service.ts(55,34): error TS2339: Property 'googleCalendarToken' does not exist on type 'Document<unknown, {}, IUser, {}, {}> & IUser & Required<{ _id: ObjectId; }> & { __v: number; }'.
src/services/calendar-sync.service.ts(55,60): error TS2551: Property 'googleRefreshToken' does not exist on type 'Document<unknown, {}, IUser, {}, {}> & IUser & Required<{ _id: ObjectId; }> & { __v: number; }'. Did you mean 'refreshTokens'?
src/services/calendar-sync.service.ts(62,100): error TS2339: Property 'currentCapacity' does not exist on type 'Document<unknown, {}, IClass, {}, {}> & IClass & Required<{ _id: ObjectId; }> & { __v: number; }'.
src/services/calendar-sync.service.ts(62,129): error TS2551: Property 'maxCapacity' does not exist on type 'Document<unknown, {}, IClass, {}, {}> & IClass & Required<{ _id: ObjectId; }> & { __v: number; }'. Did you mean 'capacity'?
src/services/calendar-sync.service.ts(65,37): error TS2339: Property 'startTime' does not exist on type 'Document<unknown, {}, IClass, {}, {}> & IClass & Required<{ _id: ObjectId; }> & { __v: number; }'.
src/services/calendar-sync.service.ts(69,37): error TS2339: Property 'endTime' does not exist on type 'Document<unknown, {}, IClass, {}, {}> & IClass & Required<{ _id: ObjectId; }> & { __v: number; }'.
src/services/calendar-sync.service.ts(123,28): error TS2339: Property 'googleCalendarToken' does not exist on type 'Document<unknown, {}, IUser, {}, {}> & IUser & Required<{ _id: ObjectId; }> & { __v: number; }'.
src/services/calendar-sync.service.ts(128,41): error TS2339: Property 'calendarEvents' does not exist on type 'Document<unknown, {}, IClass, {}, {}> & IClass & Required<{ _id: ObjectId; }> & { __v: number; }'.
src/services/calendar-sync.service.ts(136,34): error TS2339: Property 'googleCalendarToken' does not exist on type 'Document<unknown, {}, IUser, {}, {}> & IUser & Required<{ _id: ObjectId; }> & { __v: number; }'.
src/services/calendar-sync.service.ts(136,60): error TS2551: Property 'googleRefreshToken' does not exist on type 'Document<unknown, {}, IUser, {}, {}> & IUser & Required<{ _id: ObjectId; }> & { __v: number; }'. Did you mean 'refreshTokens'?
src/services/calendar-sync.service.ts(141,37): error TS2339: Property 'startTime' does not exist on type 'Document<unknown, {}, IClass, {}, {}> & IClass & Required<{ _id: ObjectId; }> & { __v: number; }'.
src/services/calendar-sync.service.ts(145,37): error TS2339: Property 'endTime' does not exist on type 'Document<unknown, {}, IClass, {}, {}> & IClass & Required<{ _id: ObjectId; }> & { __v: number; }'.
src/services/calendar-sync.service.ts(180,28): error TS2339: Property 'googleCalendarToken' does not exist on type 'Document<unknown, {}, IUser, {}, {}> & IUser & Required<{ _id: ObjectId; }> & { __v: number; }'.
src/services/calendar-sync.service.ts(184,41): error TS2339: Property 'calendarEvents' does not exist on type 'Document<unknown, {}, IClass, {}, {}> & IClass & Required<{ _id: ObjectId; }> & { __v: number; }'.
src/services/calendar-sync.service.ts(192,34): error TS2339: Property 'googleCalendarToken' does not exist on type 'Document<unknown, {}, IUser, {}, {}> & IUser & Required<{ _id: ObjectId; }> & { __v: number; }'.
src/services/calendar-sync.service.ts(192,60): error TS2551: Property 'googleRefreshToken' does not exist on type 'Document<unknown, {}, IUser, {}, {}> & IUser & Required<{ _id: ObjectId; }> & { __v: number; }'. Did you mean 'refreshTokens'?
src/services/calendar-sync.service.ts(225,28): error TS2339: Property 'googleCalendarToken' does not exist on type 'Document<unknown, {}, IUser, {}, {}> & IUser & Required<{ _id: ObjectId; }> & { __v: number; }'.
src/services/call-log.service.ts(1,21): error TS2307: Cannot find module '../models/CallLog.model' or its corresponding type declarations.
src/services/call-log.service.ts(3,1): error TS6133: 'User' is declared but its value is never read.
src/services/call-log.service.ts(109,40): error TS7006: Parameter 'l' implicitly has an 'any' type.
src/services/call-log.service.ts(110,41): error TS7006: Parameter 'l' implicitly has an 'any' type.
src/services/call-log.service.ts(111,41): error TS7006: Parameter 'l' implicitly has an 'any' type.
src/services/call-log.service.ts(112,39): error TS7006: Parameter 'l' implicitly has an 'any' type.
src/services/call-log.service.ts(113,43): error TS7006: Parameter 'sum' implicitly has an 'any' type.
src/services/call-log.service.ts(113,48): error TS7006: Parameter 'l' implicitly has an 'any' type.
src/services/call-log.service.ts(114,45): error TS7006: Parameter 'l' implicitly has an 'any' type.
src/services/call-log.service.ts(120,23): error TS7006: Parameter 'log' implicitly has an 'any' type.
src/services/call-log.service.ts(125,23): error TS7006: Parameter 'log' implicitly has an 'any' type.
src/services/call-log.service.ts(155,40): error TS7006: Parameter 'r' implicitly has an 'any' type.
src/services/call-log.service.ts(157,18): error TS7006: Parameter 'r' implicitly has an 'any' type.
src/services/call-log.service.ts(161,41): error TS7006: Parameter 'r' implicitly has an 'any' type.
src/services/call-log.service.ts(205,41): error TS7006: Parameter 'sum' implicitly has an 'any' type.
src/services/call-log.service.ts(205,46): error TS7006: Parameter 'l' implicitly has an 'any' type.
src/services/call-log.service.ts(206,44): error TS7006: Parameter 'l' implicitly has an 'any' type.
src/services/challenge.service.ts(1,23): error TS2307: Cannot find module '../models/Challenge.model' or its corresponding type declarations.
src/services/challenge.service.ts(2,34): error TS2307: Cannot find module '../models/ChallengeParticipant.model' or its corresponding type declarations.
src/services/challenge.service.ts(140,42): error TS7006: Parameter 'index' implicitly has an 'any' type.
src/services/class.service.ts(3,1): error TS6133: 'mongoose' is declared but its value is never read.
src/services/class.service.ts(167,62): error TS2339: Property 'getTime' does not exist on type 'string'.
src/services/class.service.ts(171,63): error TS2339: Property 'penaltyHours' does not exist on type '{ allowCancellation: boolean; hoursBeforeClass: number; penaltyAmount?: number | undefined; }'.
src/services/class.service.ts(172,17): error TS2322: Type 'number | undefined' is not assignable to type 'number'.
  Type 'undefined' is not assignable to type 'number'.
src/services/community-group.service.ts(3,1): error TS6133: 'Member' is declared but its value is never read.
src/services/coupon-referral.service.ts(1,20): error TS2307: Cannot find module '../models/Coupon.model' or its corresponding type declarations.
src/services/coupon-referral.service.ts(2,22): error TS2307: Cannot find module '../models/Referral.model' or its corresponding type declarations.
src/services/coupon-referral.service.ts(255,51): error TS7006: Parameter 'r' implicitly has an 'any' type.
src/services/coupon-referral.service.ts(256,49): error TS7006: Parameter 'r' implicitly has an 'any' type.
src/services/coupon-referral.service.ts(257,45): error TS7006: Parameter 'r' implicitly has an 'any' type.
src/services/crm.service.ts(2,1): error TS6133: 'generateReferralCode' is declared but its value is never read.
src/services/custom-domain.service.ts(85,32): error TS2339: Property 'customDomain' does not exist on type 'Document<unknown, {}, ITenant, {}, {}> & ITenant & Required<{ _id: ObjectId; }> & { __v: number; }'.
src/services/custom-domain.service.ts(89,54): error TS2339: Property 'customDomain' does not exist on type 'Document<unknown, {}, ITenant, {}, {}> & ITenant & Required<{ _id: ObjectId; }> & { __v: number; }'.
src/services/custom-domain.service.ts(102,24): error TS2339: Property 'customDomain' does not exist on type 'Document<unknown, {}, ITenant, {}, {}> & ITenant & Required<{ _id: ObjectId; }> & { __v: number; }'.
src/services/custom-domain.service.ts(103,24): error TS2339: Property 'customDomain' does not exist on type 'Document<unknown, {}, ITenant, {}, {}> & ITenant & Required<{ _id: ObjectId; }> & { __v: number; }'.
src/services/custom-domain.service.ts(160,32): error TS2339: Property 'customDomain' does not exist on type 'Document<unknown, {}, ITenant, {}, {}> & ITenant & Required<{ _id: ObjectId; }> & { __v: number; }'.
src/services/custom-domain.service.ts(166,85): error TS2339: Property 'customDomain' does not exist on type 'Document<unknown, {}, ITenant, {}, {}> & ITenant & Required<{ _id: ObjectId; }> & { __v: number; }'.
src/services/custom-report.service.ts(69,39): error TS2345: Argument of type '{ field: string; operator: string; value: any; }[]' is not assignable to parameter of type 'ReportFilter[]'.
  Type '{ field: string; operator: string; value: any; }' is not assignable to type 'ReportFilter'.
    Types of property 'operator' are incompatible.
      Type 'string' is not assignable to type '"equals" | "not_equals" | "greater_than" | "less_than" | "contains" | "between" | "in"'.
src/services/custom-report.service.ts(99,61): error TS2345: Argument of type '{ field: string; function: string; label: string; }[]' is not assignable to parameter of type 'ReportAggregation[]'.
  Type '{ field: string; function: string; label: string; }' is not assignable to type 'ReportAggregation'.
    Types of property 'function' are incompatible.
      Type 'string' is not assignable to type '"min" | "max" | "count" | "avg" | "sum"'.
src/services/diet.service.ts(57,28): error TS2339: Property 'dateOfBirth' does not exist on type 'Document<unknown, {}, IMember, {}, {}> & IMember & Required<{ _id: ObjectId; }> & { __v: number; }'.
src/services/diet.service.ts(58,47): error TS2339: Property 'dateOfBirth' does not exist on type 'Document<unknown, {}, IMember, {}, {}> & IMember & Required<{ _id: ObjectId; }> & { __v: number; }'.
src/services/diet.service.ts(63,20): error TS2339: Property 'gender' does not exist on type 'Document<unknown, {}, IMember, {}, {}> & IMember & Required<{ _id: ObjectId; }> & { __v: number; }'.
src/services/diet.service.ts(203,22): error TS2339: Property 'compliance' does not exist on type 'Document<unknown, {}, IDietPlan, {}, {}> & IDietPlan & Required<{ _id: ObjectId; }> & { __v: number; }'.
src/services/diet.service.ts(211,42): error TS2339: Property 'compliance' does not exist on type 'Document<unknown, {}, IDietPlan, {}, {}> & IDietPlan & Required<{ _id: ObjectId; }> & { __v: number; }'.
src/services/diet.service.ts(211,61): error TS7006: Parameter 'sum' implicitly has an 'any' type.
src/services/diet.service.ts(211,66): error TS7006: Parameter 'c' implicitly has an 'any' type.
src/services/diet.service.ts(212,73): error TS2339: Property 'compliance' does not exist on type 'Document<unknown, {}, IDietPlan, {}, {}> & IDietPlan & Required<{ _id: ObjectId; }> & { __v: number; }'.
src/services/diet.service.ts(216,47): error TS2339: Property 'compliance' does not exist on type 'Document<unknown, {}, IDietPlan, {}, {}> & IDietPlan & Required<{ _id: ObjectId; }> & { __v: number; }'.
src/services/diet.service.ts(228,33): error TS2339: Property 'compliance' does not exist on type 'Document<unknown, {}, IDietPlan, {}, {}> & IDietPlan & Required<{ _id: ObjectId; }> & { __v: number; }'.
src/services/email-campaign.service.ts(3,27): error TS2307: Cannot find module '../models/EmailCampaign.model' or its corresponding type declarations.
src/services/email-campaign.service.ts(20,39): error TS2551: Property 'createTransporter' does not exist on type 'typeof import("D:/Manish/gymmanagement/gymmanagement_backend/node_modules/@types/nodemailer/index")'. Did you mean 'createTransport'?
src/services/email-campaign.service.ts(76,35): error TS2339: Property 'email' does not exist on type 'Document<unknown, {}, IMember, {}, {}> & IMember & Required<{ _id: ObjectId; }> & { __v: number; }'.
src/services/email-campaign.service.ts(84,35): error TS2339: Property 'email' does not exist on type 'Document<unknown, {}, IMember, {}, {}> & IMember & Required<{ _id: ObjectId; }> & { __v: number; }'.
src/services/export.service.ts(2,24): error TS2307: Cannot find module 'json2csv' or its corresponding type declarations.
src/services/export.service.ts(127,33): error TS2345: Argument of type '(value: unknown) => void' is not assignable to parameter of type '() => void'.
  Target signature provides too few arguments. Expected 1 or more, but got 0.
src/services/gamification-dashboard.service.ts(7,1): error TS6133: 'logger' is declared but its value is never read.
src/services/gamification-dashboard.service.ts(37,13): error TS2345: Argument of type 'ObjectId' is not assignable to parameter of type 'string'.
src/services/gamification-dashboard.service.ts(43,51): error TS2339: Property 'totalPoints' does not exist on type '{ currentStreak: number; longestStreak: number; workoutStreak: number; longestWorkoutStreak: number; lastStreakUpdate?: Date | undefined; points: number; level: number; badges: string[]; }'.
src/services/gamification-dashboard.service.ts(141,48): error TS6133: 'limit' is declared but its value is never read.
src/services/gamification-dashboard.service.ts(142,15): error TS6133: 'recentBadges' is declared but its value is never read.
src/services/google-auth.service.ts(4,1): error TS6133: 'config' is declared but its value is never read.
src/services/google-auth.service.ts(92,22): error TS2339: Property 'googleId' does not exist on type 'Document<unknown, {}, IUser, {}, {}> & IUser & Required<{ _id: ObjectId; }> & { __v: number; }'.
src/services/google-auth.service.ts(93,22): error TS2339: Property 'profilePicture' does not exist on type 'Document<unknown, {}, IUser, {}, {}> & IUser & Required<{ _id: ObjectId; }> & { __v: number; }'.
src/services/google-auth.service.ts(94,17): error TS2322: Type 'boolean | undefined' is not assignable to type 'boolean'.
  Type 'undefined' is not assignable to type 'boolean'.
src/services/google-auth.service.ts(102,18): error TS2551: Property 'refreshToken' does not exist on type 'Document<unknown, {}, IUser, {}, {}> & IUser & Required<{ _id: ObjectId; }> & { __v: number; }'. Did you mean 'refreshTokens'?
src/services/google-auth.service.ts(114,42): error TS2339: Property 'profilePicture' does not exist on type 'Document<unknown, {}, IUser, {}, {}> & IUser & Required<{ _id: ObjectId; }> & { __v: number; }'.
src/services/google-auth.service.ts(158,36): error TS2339: Property 'googleId' does not exist on type 'Document<unknown, {}, IUser, {}, {}> & IUser & Required<{ _id: ObjectId; }> & { __v: number; }'.
src/services/google-auth.service.ts(159,42): error TS2339: Property 'profilePicture' does not exist on type 'Document<unknown, {}, IUser, {}, {}> & IUser & Required<{ _id: ObjectId; }> & { __v: number; }'.
src/services/inactivity-detection.service.ts(259,20): error TS2339: Property 'membershipExpiry' does not exist on type 'Document<unknown, {}, IMember, {}, {}> & IMember & Required<{ _id: ObjectId; }> & { __v: number; }'.
src/services/inactivity-detection.service.ts(261,25): error TS2339: Property 'membershipExpiry' does not exist on type 'Document<unknown, {}, IMember, {}, {}> & IMember & Required<{ _id: ObjectId; }> & { __v: number; }'.
src/services/inactivity-detection.service.ts(269,57): error TS2339: Property 'totalPoints' does not exist on type '{ currentStreak: number; longestStreak: number; workoutStreak: number; longestWorkoutStreak: number; lastStreakUpdate?: Date | undefined; points: number; level: number; badges: string[]; }'.
src/services/invoice.service.ts(5,1): error TS6133: 'Member' is declared but its value is never read.
src/services/invoice.service.ts(6,1): error TS6133: 'Tenant' is declared but its value is never read.
src/services/invoice.service.ts(7,27): error TS2307: Cannot find module '../utils/email.util' or its corresponding type declarations.
src/services/invoice.service.ts(24,32): error TS2339: Property 'userId' does not exist on type 'Document<unknown, {}, IPayment, {}, {}> & IPayment & Required<{ _id: ObjectId; }> & { __v: number; }'.
src/services/invoice.service.ts(25,30): error TS2339: Property 'planId' does not exist on type 'Document<unknown, {}, IPayment, {}, {}> & IPayment & Required<{ _id: ObjectId; }> & { __v: number; }'.
src/services/invoice.service.ts(58,41): error TS2339: Property 'transactionId' does not exist on type 'Document<unknown, {}, IPayment, {}, {}> & IPayment & Required<{ _id: ObjectId; }> & { __v: number; }'.
src/services/invoice.service.ts(85,37): error TS2339: Property 'toFixed' does not exist on type '{ subtotal: number; taxAmount: number; discountAmount: number; total: number; }'.
src/services/invoice.service.ts(89,21): error TS2339: Property 'discount' does not exist on type 'Document<unknown, {}, IPayment, {}, {}> & IPayment & Required<{ _id: ObjectId; }> & { __v: number; }'.
src/services/invoice.service.ts(89,41): error TS2339: Property 'discount' does not exist on type 'Document<unknown, {}, IPayment, {}, {}> & IPayment & Required<{ _id: ObjectId; }> & { __v: number; }'.
src/services/invoice.service.ts(91,35): error TS2339: Property 'discount' does not exist on type 'Document<unknown, {}, IPayment, {}, {}> & IPayment & Required<{ _id: ObjectId; }> & { __v: number; }'.
src/services/invoice.service.ts(97,29): error TS2362: The left-hand side of an arithmetic operation must be of type 'any', 'number', 'bigint' or an enum type.
src/services/invoice.service.ts(97,55): error TS2339: Property 'discount' does not exist on type 'Document<unknown, {}, IPayment, {}, {}> & IPayment & Required<{ _id: ObjectId; }> & { __v: number; }'.
src/services/invoice.service.ts(107,37): error TS2339: Property 'toFixed' does not exist on type '{ subtotal: number; taxAmount: number; discountAmount: number; total: number; }'.
src/services/invoice.service.ts(113,37): error TS18048: 'payment.gateway' is possibly 'undefined'.
src/services/invoice.service.ts(113,53): error TS2339: Property 'toUpperCase' does not exist on type '{ provider: "razorpay" | "stripe"; transactionId: string; orderId: string; paymentId: string; signature?: string | undefined; }'.
src/services/invoice.service.ts(126,33): error TS2345: Argument of type '(value: unknown) => void' is not assignable to parameter of type '() => void'.
  Target signature provides too few arguments. Expected 1 or more, but got 0.
src/services/invoice.service.ts(145,32): error TS2339: Property 'userId' does not exist on type 'Document<unknown, {}, IPayment, {}, {}> & IPayment & Required<{ _id: ObjectId; }> & { __v: number; }'.
src/services/leaderboard.service.ts(4,1): error TS6133: 'logger' is declared but its value is never read.
src/services/leaderboard.service.ts(61,37): error TS2339: Property 'firstName' does not exist on type 'Document<unknown, {}, IMember, {}, {}> & IMember & Required<{ _id: ObjectId; }> & { __v: number; }'.
src/services/leaderboard.service.ts(61,57): error TS2339: Property 'lastName' does not exist on type 'Document<unknown, {}, IMember, {}, {}> & IMember & Required<{ _id: ObjectId; }> & { __v: number; }'.
src/services/leaderboard.service.ts(62,44): error TS2339: Property 'profilePicture' does not exist on type 'Document<unknown, {}, IMember, {}, {}> & IMember & Required<{ _id: ObjectId; }> & { __v: number; }'.
src/services/leaderboard.service.ts(114,37): error TS2339: Property 'firstName' does not exist on type 'Document<unknown, {}, IMember, {}, {}> & IMember & Required<{ _id: ObjectId; }> & { __v: number; }'.
src/services/leaderboard.service.ts(114,57): error TS2339: Property 'lastName' does not exist on type 'Document<unknown, {}, IMember, {}, {}> & IMember & Required<{ _id: ObjectId; }> & { __v: number; }'.
src/services/leaderboard.service.ts(115,44): error TS2339: Property 'profilePicture' does not exist on type 'Document<unknown, {}, IMember, {}, {}> & IMember & Required<{ _id: ObjectId; }> & { __v: number; }'.
src/services/leaderboard.service.ts(146,29): error TS2339: Property 'firstName' does not exist on type 'Document<unknown, {}, IMember, {}, {}> & IMember & Required<{ _id: ObjectId; }> & { __v: number; }'.
src/services/leaderboard.service.ts(146,49): error TS2339: Property 'lastName' does not exist on type 'Document<unknown, {}, IMember, {}, {}> & IMember & Required<{ _id: ObjectId; }> & { __v: number; }'.
src/services/leaderboard.service.ts(147,36): error TS2339: Property 'profilePicture' does not exist on type 'Document<unknown, {}, IMember, {}, {}> & IMember & Required<{ _id: ObjectId; }> & { __v: number; }'.
src/services/leaderboard.service.ts(148,41): error TS2339: Property 'totalPoints' does not exist on type '{ currentStreak: number; longestStreak: number; workoutStreak: number; longestWorkoutStreak: number; lastStreakUpdate?: Date | undefined; points: number; level: number; badges: string[]; }'.
src/services/leaderboard.service.ts(179,29): error TS2339: Property 'firstName' does not exist on type 'Document<unknown, {}, IMember, {}, {}> & IMember & Required<{ _id: ObjectId; }> & { __v: number; }'.
src/services/leaderboard.service.ts(179,49): error TS2339: Property 'lastName' does not exist on type 'Document<unknown, {}, IMember, {}, {}> & IMember & Required<{ _id: ObjectId; }> & { __v: number; }'.
src/services/leaderboard.service.ts(180,36): error TS2339: Property 'profilePicture' does not exist on type 'Document<unknown, {}, IMember, {}, {}> & IMember & Required<{ _id: ObjectId; }> & { __v: number; }'.
src/services/leaderboard.service.ts(202,67): error TS2345: Argument of type 'ObjectId' is not assignable to parameter of type 'string'.
src/services/leaderboard.service.ts(205,64): error TS2345: Argument of type 'ObjectId' is not assignable to parameter of type 'string'.
src/services/leaderboard.service.ts(208,63): error TS2345: Argument of type 'ObjectId' is not assignable to parameter of type 'string'.
src/services/leaderboard.service.ts(211,63): error TS2345: Argument of type 'ObjectId' is not assignable to parameter of type 'string'.
src/services/member-messaging.service.ts(3,1): error TS6133: 'Member' is declared but its value is never read.
src/services/member.service.ts(3,1): error TS6133: 'mongoose' is declared but its value is never read.
src/services/membership-lifecycle.service.ts(2,18): error TS2307: Cannot find module '../models/Plan.model' or its corresponding type declarations.
src/services/membership-lifecycle.service.ts(3,1): error TS6133: 'Payment' is declared but its value is never read.
src/services/membership-lifecycle.service.ts(5,27): error TS2307: Cannot find module '../utils/email.util' or its corresponding type declarations.
src/services/membership-lifecycle.service.ts(6,25): error TS2307: Cannot find module '../utils/sms.util' or its corresponding type declarations.
src/services/membership-lifecycle.service.ts(48,38): error TS2339: Property 'membershipExpiry' does not exist on type 'Document<unknown, {}, IMember, {}, {}> & IMember & Required<{ _id: ObjectId; }> & { __v: number; }'.
src/services/membership-lifecycle.service.ts(54,16): error TS2339: Property 'freezeHistory' does not exist on type 'Document<unknown, {}, IMember, {}, {}> & IMember & Required<{ _id: ObjectId; }> & { __v: number; }'.
src/services/membership-lifecycle.service.ts(54,39): error TS2339: Property 'freezeHistory' does not exist on type 'Document<unknown, {}, IMember, {}, {}> & IMember & Required<{ _id: ObjectId; }> & { __v: number; }'.
src/services/membership-lifecycle.service.ts(55,16): error TS2339: Property 'freezeHistory' does not exist on type 'Document<unknown, {}, IMember, {}, {}> & IMember & Required<{ _id: ObjectId; }> & { __v: number; }'.
src/services/membership-lifecycle.service.ts(62,16): error TS2339: Property 'membershipExpiry' does not exist on type 'Document<unknown, {}, IMember, {}, {}> & IMember & Required<{ _id: ObjectId; }> & { __v: number; }'.
src/services/membership-lifecycle.service.ts(68,24): error TS2339: Property 'email' does not exist on type 'Document<unknown, {}, IMember, {}, {}> & IMember & Required<{ _id: ObjectId; }> & { __v: number; }'.
src/services/membership-lifecycle.service.ts(72,33): error TS2339: Property 'firstName' does not exist on type 'Document<unknown, {}, IMember, {}, {}> & IMember & Required<{ _id: ObjectId; }> & { __v: number; }'.
src/services/membership-lifecycle.service.ts(72,53): error TS2339: Property 'lastName' does not exist on type 'Document<unknown, {}, IMember, {}, {}> & IMember & Required<{ _id: ObjectId; }> & { __v: number; }'.
src/services/membership-lifecycle.service.ts(87,42): error TS2339: Property 'membershipExpiry' does not exist on type 'Document<unknown, {}, IMember, {}, {}> & IMember & Required<{ _id: ObjectId; }> & { __v: number; }'.
src/services/membership-lifecycle.service.ts(111,24): error TS2339: Property 'email' does not exist on type 'Document<unknown, {}, IMember, {}, {}> & IMember & Required<{ _id: ObjectId; }> & { __v: number; }'.
src/services/membership-lifecycle.service.ts(115,33): error TS2339: Property 'firstName' does not exist on type 'Document<unknown, {}, IMember, {}, {}> & IMember & Required<{ _id: ObjectId; }> & { __v: number; }'.
src/services/membership-lifecycle.service.ts(115,53): error TS2339: Property 'lastName' does not exist on type 'Document<unknown, {}, IMember, {}, {}> & IMember & Required<{ _id: ObjectId; }> & { __v: number; }'.
src/services/membership-lifecycle.service.ts(143,16): error TS2339: Property 'transferHistory' does not exist on type 'Document<unknown, {}, IMember, {}, {}> & IMember & Required<{ _id: ObjectId; }> & { __v: number; }'.
src/services/membership-lifecycle.service.ts(143,41): error TS2339: Property 'transferHistory' does not exist on type 'Document<unknown, {}, IMember, {}, {}> & IMember & Required<{ _id: ObjectId; }> & { __v: number; }'.
src/services/membership-lifecycle.service.ts(144,16): error TS2339: Property 'transferHistory' does not exist on type 'Document<unknown, {}, IMember, {}, {}> & IMember & Required<{ _id: ObjectId; }> & { __v: number; }'.
src/services/membership-lifecycle.service.ts(153,9): error TS2322: Type 'string' is not assignable to type 'ObjectId'.
src/services/membership-lifecycle.service.ts(158,24): error TS2339: Property 'email' does not exist on type 'Document<unknown, {}, IMember, {}, {}> & IMember & Required<{ _id: ObjectId; }> & { __v: number; }'.
src/services/membership-lifecycle.service.ts(162,33): error TS2339: Property 'firstName' does not exist on type 'Document<unknown, {}, IMember, {}, {}> & IMember & Required<{ _id: ObjectId; }> & { __v: number; }'.
src/services/membership-lifecycle.service.ts(162,53): error TS2339: Property 'lastName' does not exist on type 'Document<unknown, {}, IMember, {}, {}> & IMember & Required<{ _id: ObjectId; }> & { __v: number; }'.
src/services/membership-lifecycle.service.ts(205,16): error TS2339: Property 'planId' does not exist on type 'Document<unknown, {}, IMember, {}, {}> & IMember & Required<{ _id: ObjectId; }> & { __v: number; }'.
src/services/membership-lifecycle.service.ts(206,16): error TS2339: Property 'membershipStart' does not exist on type 'Document<unknown, {}, IMember, {}, {}> & IMember & Required<{ _id: ObjectId; }> & { __v: number; }'.
src/services/membership-lifecycle.service.ts(207,16): error TS2339: Property 'membershipExpiry' does not exist on type 'Document<unknown, {}, IMember, {}, {}> & IMember & Required<{ _id: ObjectId; }> & { __v: number; }'.
src/services/membership-lifecycle.service.ts(213,24): error TS2339: Property 'email' does not exist on type 'Document<unknown, {}, IMember, {}, {}> & IMember & Required<{ _id: ObjectId; }> & { __v: number; }'.
src/services/membership-lifecycle.service.ts(217,33): error TS2339: Property 'firstName' does not exist on type 'Document<unknown, {}, IMember, {}, {}> & IMember & Required<{ _id: ObjectId; }> & { __v: number; }'.
src/services/membership-lifecycle.service.ts(217,53): error TS2339: Property 'lastName' does not exist on type 'Document<unknown, {}, IMember, {}, {}> & IMember & Required<{ _id: ObjectId; }> & { __v: number; }'.
src/services/membership-lifecycle.service.ts(231,42): error TS2339: Property 'membershipExpiry' does not exist on type 'Document<unknown, {}, IMember, {}, {}> & IMember & Required<{ _id: ObjectId; }> & { __v: number; }'.
src/services/membership-lifecycle.service.ts(255,28): error TS2339: Property 'email' does not exist on type 'Document<unknown, {}, IMember, {}, {}> & IMember & Required<{ _id: ObjectId; }> & { __v: number; }'.
src/services/membership-lifecycle.service.ts(259,37): error TS2339: Property 'firstName' does not exist on type 'Document<unknown, {}, IMember, {}, {}> & IMember & Required<{ _id: ObjectId; }> & { __v: number; }'.
src/services/membership-lifecycle.service.ts(259,57): error TS2339: Property 'lastName' does not exist on type 'Document<unknown, {}, IMember, {}, {}> & IMember & Required<{ _id: ObjectId; }> & { __v: number; }'.
src/services/membership-lifecycle.service.ts(260,40): error TS2339: Property 'membershipExpiry' does not exist on type 'Document<unknown, {}, IMember, {}, {}> & IMember & Required<{ _id: ObjectId; }> & { __v: number; }'.
src/services/membership-lifecycle.service.ts(262,33): error TS2339: Property 'membershipExpiry' does not exist on type 'Document<unknown, {}, IMember, {}, {}> & IMember & Required<{ _id: ObjectId; }> & { __v: number; }'.
src/services/membership-lifecycle.service.ts(269,28): error TS2339: Property 'mobile' does not exist on type 'Document<unknown, {}, IMember, {}, {}> & IMember & Required<{ _id: ObjectId; }> & { __v: number; }'.
src/services/membership-lifecycle.service.ts(270,39): error TS2339: Property 'firstName' does not exist on type 'Document<unknown, {}, IMember, {}, {}> & IMember & Required<{ _id: ObjectId; }> & { __v: number; }'.
src/services/membership-lifecycle.service.ts(270,87): error TS2339: Property 'membershipExpiry' does not exist on type 'Document<unknown, {}, IMember, {}, {}> & IMember & Required<{ _id: ObjectId; }> & { __v: number; }'.
src/services/notification-preference.service.ts(1,36): error TS2307: Cannot find module '../models/NotificationPreference.model' or its corresponding type declarations.
src/services/notification-preference.service.ts(114,48): error TS7053: Element implicitly has an 'any' type because expression of type '"marketing" | "reports" | "reminders" | "updates"' can't be used to index type '{ enabled: boolean; marketing: boolean; transactional: boolean; reports: boolean; } | { enabled: boolean; marketing: boolean; transactional: boolean; reminders: boolean; } | { enabled: boolean; marketing: boolean; transactional: boolean; reminders: boolean; } | { ...; }'.
  Property 'reports' does not exist on type '{ enabled: boolean; marketing: boolean; transactional: boolean; reports: boolean; } | { enabled: boolean; marketing: boolean; transactional: boolean; reminders: boolean; } | { enabled: boolean; marketing: boolean; transactional: boolean; reminders: boolean; } | { ...; }'.
src/services/notification-preference.service.ts(164,27): error TS7006: Parameter 'u' implicitly has an 'any' type.
src/services/notification.service.ts(2,1): error TS6133: 'config' is declared but its value is never read.
src/services/notification.service.ts(53,34): error TS2339: Property 'channel' does not exist on type 'Document<unknown, {}, INotification, {}, {}> & INotification & Required<{ _id: ObjectId; }> & { __v: number; }'.
src/services/notification.service.ts(153,26): error TS2339: Property 'attempts' does not exist on type 'Document<unknown, {}, INotification, {}, {}> & INotification & Required<{ _id: ObjectId; }> & { __v: number; }'.
src/services/payment-retry.service.ts(2,1): error TS6133: 'Member' is declared but its value is never read.
src/services/payment-retry.service.ts(5,27): error TS2307: Cannot find module '../utils/email.util' or its corresponding type declarations.
src/services/payment-retry.service.ts(32,32): error TS2339: Property 'userId' does not exist on type 'Document<unknown, {}, IPayment, {}, {}> & IPayment & Required<{ _id: ObjectId; }> & { __v: number; }'.
src/services/payment-retry.service.ts(35,39): error TS2339: Property 'retryAttempts' does not exist on type 'Document<unknown, {}, IPayment, {}, {}> & IPayment & Required<{ _id: ObjectId; }> & { __v: number; }'.
src/services/payment-retry.service.ts(44,33): error TS2339: Property 'planId' does not exist on type 'Document<unknown, {}, IPayment, {}, {}> & IPayment & Required<{ _id: ObjectId; }> & { __v: number; }'.
src/services/payment-retry.service.ts(46,17): error TS2322: Type '{ provider: "razorpay" | "stripe"; transactionId: string; orderId: string; paymentId: string; signature?: string | undefined; } | undefined' is not assignable to type '"razorpay" | "stripe"'.
  Type 'undefined' is not assignable to type '"razorpay" | "stripe"'.
src/services/payment-retry.service.ts(51,13): error TS2322: Type '"success"' is not assignable to type 'PaymentStatus'.
src/services/payment-retry.service.ts(52,21): error TS2339: Property 'retryAttempts' does not exist on type 'Document<unknown, {}, IPayment, {}, {}> & IPayment & Required<{ _id: ObjectId; }> & { __v: number; }'.
src/services/payment-retry.service.ts(53,21): error TS2339: Property 'retryHistory' does not exist on type 'Document<unknown, {}, IPayment, {}, {}> & IPayment & Required<{ _id: ObjectId; }> & { __v: number; }'.
src/services/payment-retry.service.ts(53,44): error TS2339: Property 'retryHistory' does not exist on type 'Document<unknown, {}, IPayment, {}, {}> & IPayment & Required<{ _id: ObjectId; }> & { __v: number; }'.
src/services/payment-retry.service.ts(54,21): error TS2339: Property 'retryHistory' does not exist on type 'Document<unknown, {}, IPayment, {}, {}> & IPayment & Required<{ _id: ObjectId; }> & { __v: number; }'.
src/services/payment-retry.service.ts(58,31): error TS18047: 'result' is possibly 'null'.
src/services/payment-retry.service.ts(58,38): error TS2339: Property 'payment' does not exist on type 'IPayment'.
src/services/payment-retry.service.ts(68,26): error TS18047: 'result' is possibly 'null'.
src/services/payment-retry.service.ts(68,33): error TS2339: Property 'payment' does not exist on type 'IPayment'.
src/services/payment-retry.service.ts(72,21): error TS2339: Property 'retryAttempts' does not exist on type 'Document<unknown, {}, IPayment, {}, {}> & IPayment & Required<{ _id: ObjectId; }> & { __v: number; }'.
src/services/payment-retry.service.ts(73,21): error TS2339: Property 'retryHistory' does not exist on type 'Document<unknown, {}, IPayment, {}, {}> & IPayment & Required<{ _id: ObjectId; }> & { __v: number; }'.
src/services/payment-retry.service.ts(73,44): error TS2339: Property 'retryHistory' does not exist on type 'Document<unknown, {}, IPayment, {}, {}> & IPayment & Required<{ _id: ObjectId; }> & { __v: number; }'.
src/services/payment-retry.service.ts(74,21): error TS2339: Property 'retryHistory' does not exist on type 'Document<unknown, {}, IPayment, {}, {}> & IPayment & Required<{ _id: ObjectId; }> & { __v: number; }'.
src/services/payment-retry.service.ts(107,43): error TS2339: Property 'retryAttempts' does not exist on type 'Document<unknown, {}, IPayment, {}, {}> & IPayment & Required<{ _id: ObjectId; }> & { __v: number; }'.
src/services/payment-retry.service.ts(108,39): error TS2339: Property 'retryHistory' does not exist on type 'Document<unknown, {}, IPayment, {}, {}> & IPayment & Required<{ _id: ObjectId; }> & { __v: number; }'.
src/services/payment-retry.service.ts(108,62): error TS2339: Property 'retryHistory' does not exist on type 'Document<unknown, {}, IPayment, {}, {}> & IPayment & Required<{ _id: ObjectId; }> & { __v: number; }'.
src/services/payment-retry.service.ts(128,48): error TS2339: Property 'userId' does not exist on type 'Document<unknown, {}, IPayment, {}, {}> & IPayment & Required<{ _id: ObjectId; }> & { __v: number; }'.
src/services/payment-retry.service.ts(171,32): error TS2339: Property 'userId' does not exist on type 'Document<unknown, {}, IPayment, {}, {}> & IPayment & Required<{ _id: ObjectId; }> & { __v: number; }'.
src/services/payment-retry.service.ts(176,17): error TS2353: Object literal may only specify known properties, and 'userId' does not exist in type 'ProcessPaymentDTO'.
src/services/payment-retry.service.ts(177,33): error TS2339: Property 'planId' does not exist on type 'Document<unknown, {}, IPayment, {}, {}> & IPayment & Required<{ _id: ObjectId; }> & { __v: number; }'.
src/services/payment-retry.service.ts(184,13): error TS2322: Type '"success"' is not assignable to type 'PaymentStatus'.
src/services/payment-retry.service.ts(185,21): error TS2339: Property 'retryHistory' does not exist on type 'Document<unknown, {}, IPayment, {}, {}> & IPayment & Required<{ _id: ObjectId; }> & { __v: number; }'.
src/services/payment-retry.service.ts(185,44): error TS2339: Property 'retryHistory' does not exist on type 'Document<unknown, {}, IPayment, {}, {}> & IPayment & Required<{ _id: ObjectId; }> & { __v: number; }'.
src/services/payment-retry.service.ts(186,21): error TS2339: Property 'retryHistory' does not exist on type 'Document<unknown, {}, IPayment, {}, {}> & IPayment & Required<{ _id: ObjectId; }> & { __v: number; }'.
src/services/payment-retry.service.ts(187,41): error TS2339: Property 'retryAttempts' does not exist on type 'Document<unknown, {}, IPayment, {}, {}> & IPayment & Required<{ _id: ObjectId; }> & { __v: number; }'.
src/services/payment-retry.service.ts(190,31): error TS18047: 'result' is possibly 'null'.
src/services/payment-retry.service.ts(190,38): error TS2339: Property 'payment' does not exist on type 'IPayment'.
src/services/payment-retry.service.ts(201,26): error TS18047: 'result' is possibly 'null'.
src/services/payment-retry.service.ts(201,33): error TS2339: Property 'payment' does not exist on type 'IPayment'.
src/services/payment-retry.service.ts(220,59): error TS2339: Property 'retryAttempts' does not exist on type 'Document<unknown, {}, IPayment, {}, {}> & IPayment & Required<{ _id: ObjectId; }> & { __v: number; }'.
src/services/payment-retry.service.ts(221,65): error TS2339: Property 'retryAttempts' does not exist on type 'Document<unknown, {}, IPayment, {}, {}> & IPayment & Required<{ _id: ObjectId; }> & { __v: number; }'.
src/services/payment-retry.service.ts(222,60): error TS2365: Operator '+' cannot be applied to types 'number' and '{ subtotal: number; taxAmount: number; discountAmount: number; total: number; }'.
src/services/payment.service.ts(16,5): error TS2322: Type '"2024-12-18.acacia"' is not assignable to type '"2023-10-16"'.
src/services/payment.service.ts(122,52): error TS2339: Property 'paymentType' does not exist on type 'Document<unknown, {}, IPayment, {}, {}> & IPayment & Required<{ _id: ObjectId; }> & { __v: number; }'.
src/services/payment.service.ts(122,94): error TS2339: Property 'paymentType' does not exist on type 'Document<unknown, {}, IPayment, {}, {}> & IPayment & Required<{ _id: ObjectId; }> & { __v: number; }'.
src/services/payment.service.ts(130,49): error TS2339: Property 'totalAmount' does not exist on type 'Document<unknown, {}, IPayment, {}, {}> & IPayment & Required<{ _id: ObjectId; }> & { __v: number; }'.
src/services/payment.service.ts(180,13): error TS2367: This comparison appears to be unintentional because the types '{ provider: "razorpay" | "stripe"; transactionId: string; orderId: string; paymentId: string; signature?: string | undefined; } | undefined' and 'string' have no overlap.
src/services/payment.service.ts(180,55): error TS2339: Property 'gatewayPaymentId' does not exist on type 'Document<unknown, {}, IPayment, {}, {}> & IPayment & Required<{ _id: ObjectId; }> & { __v: number; }'.
src/services/payment.service.ts(182,56): error TS2339: Property 'gatewayPaymentId' does not exist on type 'Document<unknown, {}, IPayment, {}, {}> & IPayment & Required<{ _id: ObjectId; }> & { __v: number; }'.
src/services/payment.service.ts(189,20): error TS2367: This comparison appears to be unintentional because the types '{ provider: "razorpay" | "stripe"; transactionId: string; orderId: string; paymentId: string; signature?: string | undefined; } | undefined' and 'string' have no overlap.
src/services/payment.service.ts(189,60): error TS2339: Property 'gatewayPaymentId' does not exist on type 'Document<unknown, {}, IPayment, {}, {}> & IPayment & Required<{ _id: ObjectId; }> & { __v: number; }'.
src/services/payment.service.ts(192,45): error TS2339: Property 'gatewayPaymentId' does not exist on type 'Document<unknown, {}, IPayment, {}, {}> & IPayment & Required<{ _id: ObjectId; }> & { __v: number; }'.
src/services/payroll.service.ts(3,1): error TS6133: 'Payment' is declared but its value is never read.
src/services/payroll.service.ts(5,24): error TS2307: Cannot find module 'json2csv' or its corresponding type declarations.
src/services/payroll.service.ts(50,33): error TS2339: Property 'salary' does not exist on type 'Document<unknown, {}, IUser, {}, {}> & IUser & Required<{ _id: ObjectId; }> & { __v: number; }'.
src/services/personalized-offer.service.ts(1,31): error TS2307: Cannot find module '../models/PersonalizedOffer.model' or its corresponding type declarations.
src/services/plan.service.ts(4,1): error TS6133: 'mongoose' is declared but its value is never read.
src/services/plan.service.ts(110,18): error TS2339: Property 'planType' does not exist on type 'Document<unknown, {}, IMembershipPlan, {}, {}> & IMembershipPlan & Required<{ _id: ObjectId; }> & { __v: number; }'.
src/services/plan.service.ts(111,35): error TS2339: Property 'unit' does not exist on type 'PlanDuration'.
  Property 'unit' does not exist on type '"daily"'.
src/services/plan.service.ts(113,69): error TS2551: Property 'value' does not exist on type 'PlanDuration'. Did you mean 'valueOf'?
  Property 'value' does not exist on type '"daily"'.
src/services/plan.service.ts(116,69): error TS2551: Property 'value' does not exist on type 'PlanDuration'. Did you mean 'valueOf'?
  Property 'value' does not exist on type '"daily"'.
src/services/plan.service.ts(119,71): error TS2551: Property 'value' does not exist on type 'PlanDuration'. Did you mean 'valueOf'?
  Property 'value' does not exist on type '"daily"'.
src/services/plan.service.ts(122,71): error TS2551: Property 'value' does not exist on type 'PlanDuration'. Did you mean 'valueOf'?
  Property 'value' does not exist on type '"daily"'.
src/services/plan.service.ts(125,71): error TS2551: Property 'value' does not exist on type 'PlanDuration'. Did you mean 'valueOf'?
  Property 'value' does not exist on type '"daily"'.
src/services/plan.service.ts(128,71): error TS2551: Property 'value' does not exist on type 'PlanDuration'. Did you mean 'valueOf'?
  Property 'value' does not exist on type '"daily"'.
src/services/plan.service.ts(133,25): error TS2339: Property 'planType' does not exist on type 'Document<unknown, {}, IMembershipPlan, {}, {}> & IMembershipPlan & Required<{ _id: ObjectId; }> & { __v: number; }'.
src/services/plan.service.ts(134,61): error TS2339: Property 'validityDays' does not exist on type '{ totalSessions: number; sessionsPerWeek?: number | undefined; sessionValidity?: number | undefined; }'.
src/services/plan.service.ts(144,38): error TS2339: Property 'total' does not exist on type '{ totalSessions: number; sessionsPerWeek?: number | undefined; sessionValidity?: number | undefined; }'.
src/services/plan.service.ts(146,42): error TS2339: Property 'total' does not exist on type '{ totalSessions: number; sessionsPerWeek?: number | undefined; sessionValidity?: number | undefined; }'.
src/services/pos.service.ts(83,23): error TS2339: Property 'stock' does not exist on type 'Document<unknown, {}, IProduct, {}, {}> & IProduct & Required<{ _id: ObjectId; }> & { __v: number; }'.
src/services/pos.service.ts(84,23): error TS2339: Property 'stock' does not exist on type 'Document<unknown, {}, IProduct, {}, {}> & IProduct & Required<{ _id: ObjectId; }> & { __v: number; }'.
src/services/pos.service.ts(150,29): error TS2339: Property 'stock' does not exist on type 'Document<unknown, {}, IProduct, {}, {}> & IProduct & Required<{ _id: ObjectId; }> & { __v: number; }'.
src/services/pos.service.ts(173,50): error TS2339: Property 'stock' does not exist on type 'Document<unknown, {}, IProduct, {}, {}> & IProduct & Required<{ _id: ObjectId; }> & { __v: number; }'.
src/services/promo-campaign.service.ts(1,27): error TS2307: Cannot find module '../models/PromoCampaign.model' or its corresponding type declarations.
src/services/promo-campaign.service.ts(3,20): error TS2307: Cannot find module '../models/Coupon.model' or its corresponding type declarations.
src/services/retention-dashboard.service.ts(5,1): error TS6133: 'logger' is declared but its value is never read.
src/services/retention-dashboard.service.ts(52,37): error TS2339: Property 'firstName' does not exist on type 'Document<unknown, {}, IMember, {}, {}> & IMember & Required<{ _id: ObjectId; }> & { __v: number; }'.
src/services/retention-dashboard.service.ts(52,57): error TS2339: Property 'lastName' does not exist on type 'Document<unknown, {}, IMember, {}, {}> & IMember & Required<{ _id: ObjectId; }> & { __v: number; }'.
src/services/retention-dashboard.service.ts(53,35): error TS2339: Property 'email' does not exist on type 'Document<unknown, {}, IMember, {}, {}> & IMember & Required<{ _id: ObjectId; }> & { __v: number; }'.
src/services/retention-dashboard.service.ts(54,44): error TS2339: Property 'profilePicture' does not exist on type 'Document<unknown, {}, IMember, {}, {}> & IMember & Required<{ _id: ObjectId; }> & { __v: number; }'.
src/services/revenue-sharing.service.ts(3,1): error TS6133: 'Tenant' is declared but its value is never read.
src/services/revenue-sharing.service.ts(100,66): error TS2365: Operator '+' cannot be applied to types 'number' and '{ subtotal: number; taxAmount: number; discountAmount: number; total: number; }'.
src/services/revenue-sharing.service.ts(114,59): error TS2365: Operator '+' cannot be applied to types 'number' and '{ subtotal: number; taxAmount: number; discountAmount: number; total: number; }'.
src/services/reward-points.service.ts(1,24): error TS2307: Cannot find module '../models/RewardItem.model' or its corresponding type declarations.
src/services/reward-points.service.ts(2,30): error TS2307: Cannot find module '../models/RewardRedemption.model' or its corresponding type declarations.
src/services/reward-points.service.ts(68,51): error TS2339: Property 'totalPoints' does not exist on type '{ currentStreak: number; longestStreak: number; workoutStreak: number; longestWorkoutStreak: number; lastStreakUpdate?: Date | undefined; points: number; level: number; badges: string[]; }'.
src/services/reward-points.service.ts(180,47): error TS2339: Property 'totalPoints' does not exist on type '{ currentStreak: number; longestStreak: number; workoutStreak: number; longestWorkoutStreak: number; lastStreakUpdate?: Date | undefined; points: number; level: number; badges: string[]; }'.
src/services/reward-points.service.ts(181,47): error TS2339: Property 'pointsSpent' does not exist on type '{ currentStreak: number; longestStreak: number; workoutStreak: number; longestWorkoutStreak: number; lastStreakUpdate?: Date | undefined; points: number; level: number; badges: string[]; }'.
src/services/reward-points.service.ts(182,49): error TS2339: Property 'totalPoints' does not exist on type '{ currentStreak: number; longestStreak: number; workoutStreak: number; longestWorkoutStreak: number; lastStreakUpdate?: Date | undefined; points: number; level: number; badges: string[]; }'.
src/services/reward-points.service.ts(182,91): error TS2339: Property 'pointsSpent' does not exist on type '{ currentStreak: number; longestStreak: number; workoutStreak: number; longestWorkoutStreak: number; lastStreakUpdate?: Date | undefined; points: number; level: number; badges: string[]; }'.
src/services/role-permission.service.ts(1,18): error TS2307: Cannot find module '../models/Role.model' or its corresponding type declarations.
src/services/role-permission.service.ts(2,1): error TS6133: 'Permission' is declared but its value is never read.
src/services/role-permission.service.ts(2,24): error TS2307: Cannot find module '../models/Permission.model' or its corresponding type declarations.
src/services/scheduled-report.service.ts(1,18): error TS7016: Could not find a declaration file for module 'node-cron'. 'D:/Manish/gymmanagement/gymmanagement_backend/node_modules/node-cron/src/node-cron.js' implicitly has an 'any' type.
  Try `npm i --save-dev @types/node-cron` if it exists or add a new declaration (.d.ts) file containing `declare module 'node-cron';`
src/services/scheduled-report.service.ts(9,24): error TS2307: Cannot find module 'json2csv' or its corresponding type declarations.
src/services/scheduled-report.service.ts(198,33): error TS2345: Argument of type '(value: unknown) => void' is not assignable to parameter of type '() => void'.
  Target signature provides too few arguments. Expected 1 or more, but got 0.
src/services/social-feed.service.ts(4,1): error TS6133: 'Member' is declared but its value is never read.
src/services/subscription.service.ts(79,29): error TS6133: 'tenantId' is declared but its value is never read.
src/services/system-config.service.ts(1,26): error TS2307: Cannot find module '../models/SystemConfig.model' or its corresponding type declarations.
src/services/template-editor.service.ts(1,27): error TS2307: Cannot find module '../models/EmailTemplate.model' or its corresponding type declarations.
src/services/template-editor.service.ts(2,25): error TS2307: Cannot find module '../models/SMSTemplate.model' or its corresponding type declarations.
src/services/trainer-announcement.service.ts(1,26): error TS2307: Cannot find module '../models/Announcement.model' or its corresponding type declarations.
src/services/trainer-announcement.service.ts(3,27): error TS2307: Cannot find module '../utils/email.util' or its corresponding type declarations.
src/services/trainer-announcement.service.ts(64,36): error TS2339: Property 'email' does not exist on type 'Document<unknown, {}, IMember, {}, {}> & IMember & Required<{ _id: ObjectId; }> & { __v: number; }'.
src/services/trainer-announcement.service.ts(70,45): error TS2339: Property 'firstName' does not exist on type 'Document<unknown, {}, IMember, {}, {}> & IMember & Required<{ _id: ObjectId; }> & { __v: number; }'.
src/services/trainer-announcement.service.ts(70,65): error TS2339: Property 'lastName' does not exist on type 'Document<unknown, {}, IMember, {}, {}> & IMember & Required<{ _id: ObjectId; }> & { __v: number; }'.
src/services/trainer-announcement.service.ts(84,36): error TS2339: Property 'mobile' does not exist on type 'Document<unknown, {}, IMember, {}, {}> & IMember & Required<{ _id: ObjectId; }> & { __v: number; }'.
src/services/trainer.service.ts(3,1): error TS6133: 'mongoose' is declared but its value is never read.
src/services/trigger-automation.service.ts(3,1): error TS6133: 'Payment' is declared but its value is never read.
src/services/trigger-automation.service.ts(5,27): error TS2307: Cannot find module '../utils/email.util' or its corresponding type declarations.
src/services/trigger-automation.service.ts(6,25): error TS2307: Cannot find module '../utils/sms.util' or its corresponding type declarations.
src/services/trigger-automation.service.ts(63,64): error TS2345: Argument of type '{ field: string; operator: "equals" | "not_equals" | "greater_than" | "less_than" | "contains"; value: any; }[]' is not assignable to parameter of type 'TriggerCondition[]'.
  Type '{ field: string; operator: "equals" | "not_equals" | "greater_than" | "less_than" | "contains"; value: any; }' is not assignable to type 'TriggerCondition'.
    Types of property 'operator' are incompatible.
      Type '"equals" | "not_equals" | "greater_than" | "less_than" | "contains"' is not assignable to type '"equals" | "greater_than" | "less_than" | "contains"'.
        Type '"not_equals"' is not assignable to type '"equals" | "greater_than" | "less_than" | "contains"'.
src/services/trigger-automation.service.ts(69,46): error TS2345: Argument of type '{ type: ActionType; config: any; delay?: number | undefined; }' is not assignable to parameter of type 'TriggerAction'.
  Types of property 'type' are incompatible.
    Type 'ActionType' is not assignable to type '"send_email" | "send_sms" | "send_whatsapp" | "update_field" | "create_task"'.
      Type '"send_notification"' is not assignable to type '"send_email" | "send_sms" | "send_whatsapp" | "update_field" | "create_task"'.
src/services/trigger-automation.service.ts(73,22): error TS2339: Property 'executionCount' does not exist on type 'Document<unknown, {}, IAutomationRule, {}, {}> & IAutomationRule & Required<{ _id: ObjectId; }> & { __v: number; }'.
src/services/trigger-automation.service.ts(73,45): error TS2339: Property 'executionCount' does not exist on type 'Document<unknown, {}, IAutomationRule, {}, {}> & IAutomationRule & Required<{ _id: ObjectId; }> & { __v: number; }'.
src/services/trigger-automation.service.ts(74,22): error TS2339: Property 'lastExecutedAt' does not exist on type 'Document<unknown, {}, IAutomationRule, {}, {}> & IAutomationRule & Required<{ _id: ObjectId; }> & { __v: number; }'.
src/services/trigger-automation.service.ts(280,60): error TS2345: Argument of type '{ field: string; operator: "equals" | "not_equals" | "greater_than" | "less_than" | "contains"; value: any; }[]' is not assignable to parameter of type 'TriggerCondition[]'.
  Type '{ field: string; operator: "equals" | "not_equals" | "greater_than" | "less_than" | "contains"; value: any; }' is not assignable to type 'TriggerCondition'.
    Types of property 'operator' are incompatible.
      Type '"equals" | "not_equals" | "greater_than" | "less_than" | "contains"' is not assignable to type '"equals" | "greater_than" | "less_than" | "contains"'.
        Type '"not_equals"' is not assignable to type '"equals" | "greater_than" | "less_than" | "contains"'.
src/services/user-management.service.ts(2,1): error TS6133: 'Role' is declared but its value is never read.
src/services/user-management.service.ts(2,18): error TS2307: Cannot find module '../models/Role.model' or its corresponding type declarations.
src/services/whatsapp.service.ts(70,32): error TS2339: Property 'mobile' does not exist on type 'Document<unknown, {}, IMember, {}, {}> & IMember & Required<{ _id: ObjectId; }> & { __v: number; }'.
src/services/whatsapp.service.ts(77,36): error TS2339: Property 'mobile' does not exist on type 'Document<unknown, {}, IMember, {}, {}> & IMember & Required<{ _id: ObjectId; }> & { __v: number; }'.
src/services/whatsapp.service.ts(84,36): error TS2339: Property 'mobile' does not exist on type 'Document<unknown, {}, IMember, {}, {}> & IMember & Required<{ _id: ObjectId; }> & { __v: number; }'.
src/services/whatsapp.service.ts(119,21): error TS2339: Property 'membershipExpiry' does not exist on type 'Document<unknown, {}, IMember, {}, {}> & IMember & Required<{ _id: ObjectId; }> & { __v: number; }'.
src/services/whatsapp.service.ts(122,38): error TS2339: Property 'firstName' does not exist on type 'Document<unknown, {}, IMember, {}, {}> & IMember & Required<{ _id: ObjectId; }> & { __v: number; }'.
src/services/whatsapp.service.ts(122,115): error TS2339: Property 'membershipExpiry' does not exist on type 'Document<unknown, {}, IMember, {}, {}> & IMember & Required<{ _id: ObjectId; }> & { __v: number; }'.
src/services/whatsapp.service.ts(125,24): error TS2339: Property 'mobile' does not exist on type 'Document<unknown, {}, IMember, {}, {}> & IMember & Required<{ _id: ObjectId; }> & { __v: number; }'.
src/services/whatsapp.service.ts(140,38): error TS2339: Property 'firstName' does not exist on type 'Document<unknown, {}, IMember, {}, {}> & IMember & Required<{ _id: ObjectId; }> & { __v: number; }'.
src/services/whatsapp.service.ts(143,24): error TS2339: Property 'mobile' does not exist on type 'Document<unknown, {}, IMember, {}, {}> & IMember & Required<{ _id: ObjectId; }> & { __v: number; }'.
src/services/whatsapp.service.ts(158,38): error TS2339: Property 'firstName' does not exist on type 'Document<unknown, {}, IMember, {}, {}> & IMember & Required<{ _id: ObjectId; }> & { __v: number; }'.
src/services/whatsapp.service.ts(161,24): error TS2339: Property 'mobile' does not exist on type 'Document<unknown, {}, IMember, {}, {}> & IMember & Required<{ _id: ObjectId; }> & { __v: number; }'.
src/services/whatsapp.service.ts(176,53): error TS2339: Property 'firstName' does not exist on type 'Document<unknown, {}, IMember, {}, {}> & IMember & Required<{ _id: ObjectId; }> & { __v: number; }'.
src/services/whatsapp.service.ts(179,24): error TS2339: Property 'mobile' does not exist on type 'Document<unknown, {}, IMember, {}, {}> & IMember & Required<{ _id: ObjectId; }> & { __v: number; }'.
src/services/winback-campaign.service.ts(3,1): error TS6133: 'Member' is declared but its value is never read.
